C51 COMPILER V9.01   MAIN                                                                  12/12/2023 22:55:39 PAGE 1   


C51 COMPILER V9.01, COMPILATION OF MODULE MAIN
OBJECT MODULE PLACED IN main.OBJ
COMPILER INVOKED BY: E:\keilc51\C51\BIN\C51.EXE main.c BROWSE DEBUG OBJECTEXTEND

line level    source

   1          #include "reg52.h"
   2          
   3          typedef unsigned char u8;
   4          typedef unsigned char u16;
   5          sbit SCK=P3^6;
   6          sbit RCK=P3^5;
   7          sbit SER=P3^4;
   8          
   9          #define LEDdianzhen_COL_PORT P0
  10          u8 the_data[]={0x01,0x02,0x04,0x08,0x10,0x20,0x40,0x80};
  11          
  12          
  13          void delay(unsigned int x){
  14   1           while(x--);
  15   1               }
  16          void write_data_595(u8 the_data){
  17   1                    int i=0;
  18   1                                for(i=0;i<8;i++){
  19   2                                       SER = the_data >> 7;
  20   2                                               the_data <<= 1;
  21   2                                               SCK=0;
  22   2                                               delay(1);
  23   2                                               SCK=1;
  24   2                                }
  25   1                                RCK=0;
  26   1                                delay(1);
  27   1                                RCK=1;
  28   1                                }                     
  29             
  30          
  31          void main()
  32          {         
  33   1           u8  i;
  34   1               LEDdianzhen_COL_PORT=0x00;
  35   1               while(1)
  36   1               {               for(i=0;i<8;i++){
  37   3                          
  38   3                                      write_data_595(the_data[i]);
  39   3                                      delay(50000);
  40   3                                      write_data_595(0x00);}
  41   2                               for(i=6;i>=1;i--){
  42   3                                  
  43   3                                      write_data_595(the_data[i]);
  44   3                                      delay(50000);
  45   3                                      write_data_595(0x00);} 
  46   2               
  47   2                       
  48   2               
  49   2               }
  50   1               }


MODULE INFORMATION:   STATIC OVERLAYABLE
   CODE SIZE        =    109    ----
   CONSTANT SIZE    =   ----    ----
C51 COMPILER V9.01   MAIN                                                                  12/12/2023 22:55:39 PAGE 2   

   XDATA SIZE       =   ----    ----
   PDATA SIZE       =   ----    ----
   DATA SIZE        =      8    ----
   IDATA SIZE       =   ----    ----
   BIT SIZE         =   ----    ----
END OF MODULE INFORMATION.


C51 COMPILATION COMPLETE.  0 WARNING(S),  0 ERROR(S)
