C51 COMPILER V9.01   MAIN                                                                  01/22/2024 20:59:40 PAGE 1   


C51 COMPILER V9.01, COMPILATION OF MODULE MAIN
OBJECT MODULE PLACED IN main.OBJ
COMPILER INVOKED BY: E:\keilc51\C51\BIN\C51.EXE main.c BROWSE DEBUG OBJECTEXTEND

line level    source

   1          
   2          #include "reg52.h"
   3          
   4          typedef unsigned int u16;       
   5          typedef unsigned char u8;
   6          
   7          
   8          
   9          
  10          
  11          void delay(u16 x)
  12          {
  13   1              while(x--);     
  14   1      }
  15          
  16          
  17          
  18          void uart_init(u8 baud)
  19          {        TMOD|=0X20; 
  20   1               SCON=0X50; 
  21   1               PCON=0X80; 
  22   1               TH1=baud; 
  23   1               TL1=baud;
  24   1               ES=1; 
  25   1               EA=1; 
  26   1               TR1=1;
  27   1                      
  28   1      }
  29          
  30          
  31          void main()
  32          {       
  33   1              uart_init(0xFA);
  34   1      
  35   1              while(1)
  36   1              {                       
  37   2                                                              
  38   2              }               
  39   1      }
  40          
  41          void uart() interrupt 4 
  42          {               u8 recept;
  43   1                      
  44   1                      recept=SBUF;
  45   1                      SBUF=recept;
  46   1                      RI=0;
  47   1                      while(TI==0);
  48   1                      TI=0;
  49   1      
  50   1                      
  51   1                                                              
  52   1      }


MODULE INFORMATION:   STATIC OVERLAYABLE
C51 COMPILER V9.01   MAIN                                                                  01/22/2024 20:59:40 PAGE 2   

   CODE SIZE        =     61    ----
   CONSTANT SIZE    =   ----    ----
   XDATA SIZE       =   ----    ----
   PDATA SIZE       =   ----    ----
   DATA SIZE        =   ----    ----
   IDATA SIZE       =   ----    ----
   BIT SIZE         =   ----    ----
END OF MODULE INFORMATION.


C51 COMPILATION COMPLETE.  0 WARNING(S),  0 ERROR(S)
